INFO:[Checkpointer] Loading from Data/trained_models/person_model_final.pth ...
INFO:[Checkpointer] Loading from Data/trained_models/ball_model_final.pth ...
INFO:[Checkpointer] Loading from Data/trained_models/person_model_final.pth ...
INFO:[Checkpointer] Loading from Data/trained_models/ball_model_final.pth ...
INFO:[Checkpointer] Loading from Data/trained_models/person_model_final.pth ...
INFO:[Checkpointer] Loading from Data/trained_models/ball_model_final.pth ...
INFO:[Checkpointer] Loading from Data/trained_models/person_model_final.pth ...
INFO:[Checkpointer] Loading from Data/trained_models/ball_model_final.pth ...
INFO:[Checkpointer] Loading from Data/trained_models/person_model_final.pth ...
INFO:[Checkpointer] Loading from Data/trained_models/ball_model_final.pth ...
INFO:[Checkpointer] Loading from Data/trained_models/person_model_final.pth ...
INFO:[Checkpointer] Loading from Data/trained_models/ball_model_final.pth ...
INFO:[Checkpointer] Loading from Data/trained_models/person_model_final.pth ...
INFO:[Checkpointer] Loading from Data/trained_models/ball_model_final.pth ...
INFO:Transitioned to SceneClass.WIDE_VIEW from None at 0m0s. Current Possession: 0. Current Territory: [[0. 0. 0. 0.]
 [0. 1. 1. 0.]
 [6. 2. 1. 0.]
 [2. 4. 2. 0.]
 [0. 0. 0. 0.]
 [0. 0. 0. 0.]
 [0. 0. 0. 0.]
 [0. 0. 0. 0.]]
INFO:[Checkpointer] Loading from Data/trained_models/person_model_final.pth ...
INFO:[Checkpointer] Loading from Data/trained_models/ball_model_final.pth ...
INFO:[Checkpointer] Loading from Data/trained_models/person_model_final.pth ...
INFO:[Checkpointer] Loading from Data/trained_models/ball_model_final.pth ...
INFO:[Checkpointer] Loading from Data/trained_models/person_model_final.pth ...
INFO:[Checkpointer] Loading from Data/trained_models/ball_model_final.pth ...
INFO:[Checkpointer] Loading from Data/trained_models/person_model_final.pth ...
INFO:[Checkpointer] Loading from Data/trained_models/ball_model_final.pth ...
INFO:[Checkpointer] Loading from Data/trained_models/person_model_final.pth ...
INFO:[Checkpointer] Loading from Data/trained_models/ball_model_final.pth ...
INFO:[Checkpointer] Loading from Data/trained_models/person_model_final.pth ...
INFO:[Checkpointer] Loading from Data/trained_models/ball_model_final.pth ...
INFO:[Checkpointer] Loading from Data/trained_models/person_model_final.pth ...
INFO:[Checkpointer] Loading from Data/trained_models/ball_model_final.pth ...
INFO:[Checkpointer] Loading from Data/trained_models/person_model_final.pth ...
INFO:[Checkpointer] Loading from Data/trained_models/ball_model_final.pth ...
INFO:[Checkpointer] Loading from Data/trained_models/person_model_final.pth ...
INFO:[Checkpointer] Loading from Data/trained_models/ball_model_final.pth ...
INFO:[Checkpointer] Loading from Data/trained_models/person_model_final.pth ...
INFO:[Checkpointer] Loading from Data/trained_models/ball_model_final.pth ...
INFO:[Checkpointer] Loading from Data/trained_models/person_model_final.pth ...
INFO:[Checkpointer] Loading from Data/trained_models/ball_model_final.pth ...
INFO:[Checkpointer] Loading from Data/trained_models/person_model_final.pth ...
INFO:[Checkpointer] Loading from Data/trained_models/ball_model_final.pth ...
INFO:Transitioned to SceneClass.WIDE_VIEW from None at 0m0s. Current Possession: 0. Current Territory: [[0. 0. 0. 0.]
 [0. 1. 1. 0.]
 [6. 2. 1. 0.]
 [2. 4. 2. 0.]
 [0. 0. 0. 0.]
 [0. 0. 0. 0.]
 [0. 0. 0. 0.]
 [0. 0. 0. 0.]]
INFO:Transitioned to SceneClass.CLOSE_VIEW from SceneClass.WIDE_VIEW at 0m2s. Current Possession: 0. Current Territory: [[  0.   0.   0.   0.]
 [  0.  29.   5.   0.]
 [127.  65.  27.   0.]
 [ 78. 122.  46.   0.]
 [ 10.   6.   0.   0.]
 [  0.   0.   0.   0.]
 [  0.   0.   0.   0.]
 [  0.   0.   0.   0.]]
